// Jest Snapshot v1, https://goo.gl/fbAQLP

exports[`renders BooksPage correctly 1`] = `
<div
  className="container"
>
  <h2>
    My never-ending reading list!
  </h2>
  <br />
  <DataCollection
    endpoint="http://www.ryankrol.co.uk/api/books"
    itemTag={[Function]}
  />
</div>
`;
