// Jest Snapshot v1, https://goo.gl/fbAQLP

exports[`renders MoviesSubPage correctly 1`] = `
<div
  className="container"
>
  <h2>
    Ryan's Movies
  </h2>
   
  <br />
  <p>
    Literally just a bunch of movies I own, idk
  </p>
  <DataCollection
    endpoint="http://www.ryankrol.co.uk/api/movies"
    itemTag={[Function]}
    outputSize={20}
  />
  <Link
    className="seeMore"
    to="/MoviesList"
  >
    <h2>
      ...
    </h2>
  </Link>
</div>
`;
