// Jest Snapshot v1, https://goo.gl/fbAQLP

exports[`renders AlbumRatingsInputPage correctly 1`] = `
<div
  className="container"
>
  <h1
    className="light"
  >
    Rate an album!
  </h1>
  <AlbumRatingsForm />
</div>
`;
