// Jest Snapshot v1, https://goo.gl/fbAQLP

exports[`renders MovieRatingsInputPage correctly 1`] = `
<div
  className="container"
>
  <h1
    className="light"
  >
    Rate a movie!
  </h1>
  <MovieRatingsForm />
</div>
`;
