// Jest Snapshot v1, https://goo.gl/fbAQLP

exports[`renders header correctly 1`] = `
<div
  className="outer"
>
  <div
    className="container"
  >
    <Link
      className="logo highlighted"
      to="/"
    >
      RK
    </Link>
    <div
      className="links"
    >
      <HeaderItem
        content="Movie Ratings"
        destination="/ratings/movie"
        index={1}
        key="/ratings/movie"
      />
      <HeaderItem
        content="Television Ratings"
        destination="/ratings/tv"
        index={2}
        key="/ratings/tv"
      />
      <HeaderItem
        content="Album Ratings"
        destination="/ratings/album"
        index={3}
        key="/ratings/album"
      />
      <HeaderItem
        content="Books"
        destination="/reading"
        index={4}
        key="/reading"
      />
      <HeaderItem
        content="Movies"
        destination="/movies"
        index={5}
        key="/movies"
      />
    </div>
  </div>
</div>
`;
