// Jest Snapshot v1, https://goo.gl/fbAQLP

exports[`renders router only when rendered 1`] = `
<div
  className="Footer"
/>
`;
