// Jest Snapshot v1, https://goo.gl/fbAQLP

exports[`renders PortfolioItem correctly 1`] = `
<div
  className="PortfolioItem"
>
  <div
    className="portfolio-item-header"
  >
    <h3>
      Example Item
    </h3>
  </div>
  <div
    className="portfolio-item-content"
  >
    <div
      className="portfolio-item-description"
    >
      Lorem ipsum dolor sit amet, consectetur adipiscing elit, sed do eiusmod tempor incididunt ut labore et dolore magna aliqua. Arcu dui vivamus arcu felis bibendum ut tristique et egestas. Sed nisi lacus sed viverra tellus. Morbi tincidunt ornare massa eget egestas. Pharetra magna ac placerat vestibulum. Et molestie ac feugiat sed lectus vestibulum mattis. Dolor sit amet consectetur adipiscing elit pellentesque habitant morbi tristique. Non pulvinar neque laoreet suspendisse interdum consectetur. Tempus quam pellentesque nec nam aliquam sem et. Nisl nisi scelerisque eu ultrices vitae auctor eu augue. Sed faucibus turpis in eu. Habitant morbi tristique senectus et netus et malesuada fames ac.
    </div>
    <div
      className="portfolio-item-image"
    >
      <p>
        Text that will eventually be an image
      </p>
    </div>
  </div>
  <div
    className="portfolio-project-link"
  >
    <span
      className="portfolio-link"
    >
      Check out the source code 
      <a>
        here
      </a>
      !
    </span>
  </div>
</div>
`;
