// Jest Snapshot v1, https://goo.gl/fbAQLP

exports[`renders VinylCollectionInputPage correctly 1`] = `
<div
  className="container"
>
  <h1
    className="light"
  >
    Add to the collection!
  </h1>
  <VinylCollectionForm />
</div>
`;
